--config
/var/run/plaitway/ovpn-0123456789ab/profile.ovpn
--management
/var/run/plaitway/ovpn-0123456789ab/m.sock
unix
--management-hold
--management-query-passwords
--management-up-down
--route-noexec
--persist-tun
--auth-retry
interact
--script-security
1
--verb
4
--dns-updown
disable
--disable-dco
