--pull-filter
ignore
block-outside-dns
--pull-filter
ignore
ip-win32
--pull-filter
ignore
dns 
--pull-filter
ignore
dhcp-option
--config
C:\ProgramData\Plaitway\run\ovpn-0123456789ab\profile.ovpn
--management
127.0.0.1
0
C:\ProgramData\Plaitway\run\ovpn-0123456789ab\mgmt.pw
--management-hold
--management-query-passwords
--management-up-down
--route-noexec
--persist-tun
--auth-retry
interact
--script-security
1
--verb
4
--dns-updown
disable
--disable-dco
--ifconfig-noexec
--ip-win32
manual
--dev-node
Plaitway-ovpn-0123abcd
